
> frontend@0.0.0 build
> vite build

[36mvite v7.3.1 [32mbuilding client environment for production...[36m[39m
transforming...
[32mΓ£ô[39m 133 modules transformed.
rendering chunks...
computing gzip size...
[2mdist/[22m[32mindex.html                 [39m[1m[2m  0.44 kB[22m[1m[22m[2m Γöé gzip:   0.29 kB[22m
[2mdist/[22m[32massets/logo-jRPmNFpa.png   [39m[1m[2m180.99 kB[22m[1m[22m
[2mdist/[22m[35massets/index-BwlkouRw.css  [39m[1m[2m 84.42 kB[22m[1m[22m[2m Γöé gzip:  16.63 kB[22m
[2mdist/[22m[36massets/index-COhe5OKx.js   [39m[1m[2m342.86 kB[22m[1m[22m[2m Γöé gzip: 109.77 kB[22m
[32mΓ£ô built in 2.80s[39m
